// Jest Snapshot v1, https://goo.gl/fbAQLP

exports[`<QrCode /> renders QrCode 1`] = `
<div>
  <div
    class="css-1hppjzv"
  >
    <canvas
      height="128"
      style="height: 128px; width: 128px;"
      width="128"
    />
  </div>
</div>
`;
